// Jest Snapshot v1, https://goo.gl/fbAQLP

exports[`should render CalendarTypeSelector correctly 1`] = `
<div
  className="calendar-selector__wrapper"
>
  <button
    className="calendar-selector__selector"
    onClick={[MockFunction]}
  >
    Daily
  </button>
  <button
    className="calendar-selector__selector"
    onClick={[MockFunction]}
  >
    Weekly
  </button>
  <button
    className="calendar-selector__active"
    onClick={[MockFunction]}
  >
    Monthly
  </button>
  <button
    className="calendar-selector__selector"
    onClick={[MockFunction]}
  >
    Yearly
  </button>
</div>
`;
